../Core/Src/main.c:87:5:_write	24	static
../Core/Src/main.c:99:6:MPU6050_Init	32	static
../Core/Src/main.c:119:6:MPU6050_Read	24	static
../Core/Src/main.c:137:5:main	56	static
../Core/Src/main.c:228:6:SystemClock_Config	88	static
../Core/Src/main.c:270:13:MX_I2C3_Init	8	static
../Core/Src/main.c:318:13:MX_USART1_UART_Init	8	static
../Core/Src/main.c:351:13:MX_GPIO_Init	40	static
../Core/Src/main.c:448:6:StartDefaultTask	16	static
../Core/Src/main.c:467:6:HAL_TIM_PeriodElapsedCallback	16	static
../Core/Src/main.c:485:6:Error_Handler	4	static,ignoring_inline_asm
